
> frontend@0.1.0 build
> next build

Γû▓ Next.js 16.1.6 (Turbopack)
- Environments: .env.local

  Creating an optimized production build ...
Γ£ô Compiled successfully in 4.3s
  Running TypeScript ...
node.exe : Failed to 
compile.
At C:\Program Files\n
odejs\npm.ps1:29 
char:3
+   & $NODE_EXE 
$NPM_CLI_JS $args
+   ~~~~~~~~~~~~~~~~~
~~~~~~~~~~~~
    + CategoryInfo   
           : NotSpe  
  cified: (Failed    
 to compile.:Stri    
ng) [], RemoteEx    
ception
    + FullyQualified 
   ErrorId : Native  
  CommandError
 

./src/app/admin/page.
tsx:62:17
Type error: 
Conversion of type 'P
romise<ApiResponse<un
known>>' to type 'Pro
mise<DashboardStats>'
 may be a mistake 
because neither type 
sufficiently 
overlaps with the 
other. If this was 
intentional, convert 
the expression to 
'unknown' first.
  Type 'ApiResponse<u
nknown>' is missing 
the following 
properties from type 
'DashboardStats': 
stats, recentActivity

[0m [90m 60 |[39m 
            
[36mconst[39m [team
sData[33m,[39m 
dashData] 
[33m=[39m 
[36mawait[39m [33m
Promise[39m[33m.[3
9mall([
 [90m 61 |[39m     
            api[33m.
[39mgetTeams() 
[36mas[39m [33mPro
mise[39m[33m<[39m{
 teams[33m:[39m 
[33mTeam[39m[] }[3
3m>[39m[33m,[39m
[31m[1m>[22m[39m
[90m 62 |[39m       
          api[33m.[
39mgetDashboard() 
[36mas[39m [33mPro
mise[39m[33m<[39m
[33mDashboardStats[3
9m[33m>[39m
 [90m    |[39m     
            
[31m[1m^[22m[39m
 [90m 63 |[39m     
        ])[33m;[39m
 [90m 64 |[39m     
        setTeams(team
sData[33m.[39mteams
)[33m;[39m
 [90m 65 |[39m     
        setDashboardD
ata(dashData)[33m;[
39m[0m
Next.js build worker 
exited with code: 1 
and signal: null
